[combateafome.org.br/index.html]
[backblue.gif]
[fade.gif]
[index.html]
[combateafome.org.br/assets/actlogo.png]
[combateafome.org.br/assets/brasilact.jpg]
[combateafome.org.br/assets/brasilCard.png]
[combateafome.org.br/assets/ellipse1.png]
[combateafome.org.br/assets/ellipse2.png]
[combateafome.org.br/assets/ellipse3.png]
[combateafome.org.br/assets/womanCard.png]
[combateafome.org.br/assets/menCard.png]
[combateafome.org.br/assets/coupleCard.png]
[combateafome.org.br/assets/couple2Card.png]
[combateafome.org.br/assets/img2actt.png]
[combateafome.org.br/assets/bolinhas-red.jpg]
[combateafome.org.br/assets/buttonIcon.png]
[combateafome.org.br/assets/coinIcon.png]
[combateafome.org.br/assets/backgroundImage.png]
[combateafome.org.br/assets/footerimgact.png]
[cdn.jsdelivr.net/npm/@popperjs/core@2.9.2/dist/umd/popper.min.js]
[combateafome.org.br/js/bootstrap.min.js]
[code.jquery.com/jquery-3.6.0.js]
[combateafome.org.br/js/jquery-ui.min.js]
[combateafome.org.br/js/jquery.mask.min.js]
[combateafome.org.br/js/main.js]
[combateafome.org.br/index.html]
[combateafome.org.br/css/main.css]
[www.googletagmanager.com/gtm5445.html]
[combateafome.org.br/css/bootstrap.min.css]
[combateafome.org.br/css/images/ui-icons_444444_256x240.png]
[combateafome.org.br/css/images/ui-icons_555555_256x240.png]
[combateafome.org.br/css/images/ui-icons_ffffff_256x240.png]
[combateafome.org.br/css/images/ui-icons_777620_256x240.png]
[combateafome.org.br/css/images/ui-icons_cc0000_256x240.png]
[combateafome.org.br/css/images/ui-icons_777777_256x240.png]
[combateafome.org.br/css/jquery-ui.min.css]
[combateafome.org.br/css/config.css]
[combateafome.org.br/assets/actbanner.jpg]
[combateafome.org.br/css/custom.css]
[combateafome.org.br/css/responsive.css]
[combateafome.org.br/css/images/ui-icons_444444_256x240.html]
[combateafome.org.br/css/images/ui-icons_555555_256x240.html]
[combateafome.org.br/css/images/ui-icons_ffffff_256x240.html]
[combateafome.org.br/css/images/ui-icons_777620_256x240.html]
[combateafome.org.br/css/images/ui-icons_cc0000_256x240.html]
[combateafome.org.br/css/images/ui-icons_777777_256x240.html]
